  Deck.cpp
C:\Users\alexl\OneDrive\Documents\GitHub\Blackjack Project\Blackjack Project\Card.h(3,7): error C2011: 'Card': 'class' type redefinition
  (compiling source file 'Deck.cpp')
      C:\Users\alexl\OneDrive\Documents\GitHub\Blackjack Project\Blackjack Project\Card.h(3,7):
      see declaration of 'Card'
  
C:\Users\alexl\OneDrive\Documents\GitHub\Blackjack Project\Blackjack Project\Hand.h(5,7): error C2011: 'Hand': 'class' type redefinition
  (compiling source file 'Deck.cpp')
      C:\Users\alexl\OneDrive\Documents\GitHub\Blackjack Project\Blackjack Project\Hand.h(5,7):
      see declaration of 'Hand'
  
C:\Users\alexl\OneDrive\Documents\GitHub\Blackjack Project\Blackjack Project\Deck.h(5,21): error C2504: 'Hand': base class undefined
  (compiling source file 'Deck.cpp')
  
C:\Users\alexl\OneDrive\Documents\GitHub\Blackjack Project\Blackjack Project\Deck.cpp(11,5): error C2065: 'cardVector': undeclared identifier
C:\Users\alexl\OneDrive\Documents\GitHub\Blackjack Project\Blackjack Project\Deck.cpp(29,5): error C3861: 'clearHand': identifier not found
C:\Users\alexl\OneDrive\Documents\GitHub\Blackjack Project\Blackjack Project\Deck.cpp(32,24): error C2027: use of undefined type 'Card'
      C:\Users\alexl\OneDrive\Documents\GitHub\Blackjack Project\Blackjack Project\Card.h(3,7):
      see declaration of 'Card'
  
C:\Users\alexl\OneDrive\Documents\GitHub\Blackjack Project\Blackjack Project\Deck.cpp(32,24): error C2065: 'CLUBS': undeclared identifier
C:\Users\alexl\OneDrive\Documents\GitHub\Blackjack Project\Blackjack Project\Deck.cpp(32,42): error C2027: use of undefined type 'Card'
      C:\Users\alexl\OneDrive\Documents\GitHub\Blackjack Project\Blackjack Project\Card.h(3,7):
      see declaration of 'Card'
  
C:\Users\alexl\OneDrive\Documents\GitHub\Blackjack Project\Blackjack Project\Deck.cpp(32,42): error C2065: 'SPADES': undeclared identifier
C:\Users\alexl\OneDrive\Documents\GitHub\Blackjack Project\Blackjack Project\Deck.cpp(34,28): error C2027: use of undefined type 'Card'
      C:\Users\alexl\OneDrive\Documents\GitHub\Blackjack Project\Blackjack Project\Card.h(3,7):
      see declaration of 'Card'
  
C:\Users\alexl\OneDrive\Documents\GitHub\Blackjack Project\Blackjack Project\Deck.cpp(34,28): error C2065: 'ACE': undeclared identifier
C:\Users\alexl\OneDrive\Documents\GitHub\Blackjack Project\Blackjack Project\Deck.cpp(34,44): error C2027: use of undefined type 'Card'
      C:\Users\alexl\OneDrive\Documents\GitHub\Blackjack Project\Blackjack Project\Card.h(3,7):
      see declaration of 'Card'
  
C:\Users\alexl\OneDrive\Documents\GitHub\Blackjack Project\Blackjack Project\Deck.cpp(34,44): error C2065: 'KING': undeclared identifier
C:\Users\alexl\OneDrive\Documents\GitHub\Blackjack Project\Blackjack Project\Deck.cpp(36,44): error C2027: use of undefined type 'Card'
      C:\Users\alexl\OneDrive\Documents\GitHub\Blackjack Project\Blackjack Project\Card.h(3,7):
      see declaration of 'Card'
  
C:\Users\alexl\OneDrive\Documents\GitHub\Blackjack Project\Blackjack Project\Deck.cpp(36,44): error C2061: syntax error: identifier 'RANK'
C:\Users\alexl\OneDrive\Documents\GitHub\Blackjack Project\Blackjack Project\Deck.cpp(36,13): error C3861: 'add': identifier not found
C:\Users\alexl\OneDrive\Documents\GitHub\Blackjack Project\Blackjack Project\Deck.cpp(36,72): error C2027: use of undefined type 'Card'
      C:\Users\alexl\OneDrive\Documents\GitHub\Blackjack Project\Blackjack Project\Card.h(3,7):
      see declaration of 'Card'
  
C:\Users\alexl\OneDrive\Documents\GitHub\Blackjack Project\Blackjack Project\Deck.cpp(36,72): error C2061: syntax error: identifier 'SUIT'
C:\Users\alexl\OneDrive\Documents\GitHub\Blackjack Project\Blackjack Project\Deck.cpp(49,25): error C2065: 'cardVector': undeclared identifier
C:\Users\alexl\OneDrive\Documents\GitHub\Blackjack Project\Blackjack Project\Deck.cpp(49,45): error C2065: 'cardVector': undeclared identifier
C:\Users\alexl\OneDrive\Documents\GitHub\Blackjack Project\Blackjack Project\Deck.cpp(49,10): error C2672: 'std::random_shuffle': no matching overloaded function found
      C:\Program Files\Microsoft Visual Studio\2022\Community\VC\Tools\MSVC\14.42.34433\include\algorithm(5751,6):
      could be 'void std::random_shuffle(_RanIt,_RanIt)'
          C:\Users\alexl\OneDrive\Documents\GitHub\Blackjack Project\Blackjack Project\Deck.cpp(49,10):
          'void std::random_shuffle(_RanIt,_RanIt)': expects 2 arguments - 1 provided
      C:\Program Files\Microsoft Visual Studio\2022\Community\VC\Tools\MSVC\14.42.34433\include\algorithm(5729,6):
      or       'void std::random_shuffle(_RanIt,_RanIt,_RngFn &&)'
          C:\Users\alexl\OneDrive\Documents\GitHub\Blackjack Project\Blackjack Project\Deck.cpp(49,10):
          'void std::random_shuffle(_RanIt,_RanIt,_RngFn &&)': expects 3 arguments - 1 provided
  
C:\Users\alexl\OneDrive\Documents\GitHub\Blackjack Project\Blackjack Project\Deck.cpp(65,10): error C2065: 'cardVector': undeclared identifier
C:\Users\alexl\OneDrive\Documents\GitHub\Blackjack Project\Blackjack Project\Deck.cpp(67,9): error C2027: use of undefined type 'Hand'
      C:\Users\alexl\OneDrive\Documents\GitHub\Blackjack Project\Blackjack Project\Hand.h(5,7):
      see declaration of 'Hand'
  
C:\Users\alexl\OneDrive\Documents\GitHub\Blackjack Project\Blackjack Project\Deck.cpp(67,19): error C2065: 'cardVector': undeclared identifier
C:\Users\alexl\OneDrive\Documents\GitHub\Blackjack Project\Blackjack Project\Deck.cpp(68,9): error C2065: 'cardVector': undeclared identifier
  Game.cpp
C:\Users\alexl\OneDrive\Documents\GitHub\Blackjack Project\Blackjack Project\Card.h(3,7): error C2011: 'Card': 'class' type redefinition
  (compiling source file 'Game.cpp')
      C:\Users\alexl\OneDrive\Documents\GitHub\Blackjack Project\Blackjack Project\Card.h(3,7):
      see declaration of 'Card'
  
C:\Users\alexl\OneDrive\Documents\GitHub\Blackjack Project\Blackjack Project\Hand.h(5,7): error C2011: 'Hand': 'class' type redefinition
  (compiling source file 'Game.cpp')
      C:\Users\alexl\OneDrive\Documents\GitHub\Blackjack Project\Blackjack Project\Hand.h(5,7):
      see declaration of 'Hand'
  
C:\Users\alexl\OneDrive\Documents\GitHub\Blackjack Project\Blackjack Project\Deck.h(5,21): error C2504: 'Hand': base class undefined
  (compiling source file 'Game.cpp')
  
C:\Users\alexl\OneDrive\Documents\GitHub\Blackjack Project\Blackjack Project\GenericPlayer.h(5,7): error C2011: 'GenericPlayer': 'class' type redefinition
  (compiling source file 'Game.cpp')
      C:\Users\alexl\OneDrive\Documents\GitHub\Blackjack Project\Blackjack Project\GenericPlayer.h(5,7):
      see declaration of 'GenericPlayer'
  
C:\Users\alexl\OneDrive\Documents\GitHub\Blackjack Project\Blackjack Project\House.h(4,22): error C2504: 'GenericPlayer': base class undefined
  (compiling source file 'Game.cpp')
  
C:\Users\alexl\OneDrive\Documents\GitHub\Blackjack Project\Blackjack Project\Player.h(5,23): error C2504: 'GenericPlayer': base class undefined
  (compiling source file 'Game.cpp')
  
C:\Users\alexl\OneDrive\Documents\GitHub\Blackjack Project\Blackjack Project\Game.cpp(11,12): error C2039: 'setName': is not a member of 'Player'
      C:\Users\alexl\OneDrive\Documents\GitHub\Blackjack Project\Blackjack Project\Player.h(5,7):
      see declaration of 'Player'
  
C:\Users\alexl\OneDrive\Documents\GitHub\Blackjack Project\Blackjack Project\Game.cpp(47,14): error C2664: 'void Deck::deal(Hand &)': cannot convert argument 1 from 'Player' to 'Hand &'
      C:\Users\alexl\OneDrive\Documents\GitHub\Blackjack Project\Blackjack Project\Deck.h(13,10):
      see declaration of 'Deck::deal'
      C:\Users\alexl\OneDrive\Documents\GitHub\Blackjack Project\Blackjack Project\Game.cpp(47,14):
      while trying to match the argument list '(Player)'
  
C:\Users\alexl\OneDrive\Documents\GitHub\Blackjack Project\Blackjack Project\Game.cpp(48,14): error C2664: 'void Deck::deal(Hand &)': cannot convert argument 1 from 'House' to 'Hand &'
      C:\Users\alexl\OneDrive\Documents\GitHub\Blackjack Project\Blackjack Project\Deck.h(13,10):
      see declaration of 'Deck::deal'
      C:\Users\alexl\OneDrive\Documents\GitHub\Blackjack Project\Blackjack Project\Game.cpp(48,14):
      while trying to match the argument list '(House)'
  
C:\Users\alexl\OneDrive\Documents\GitHub\Blackjack Project\Blackjack Project\Game.cpp(52,11): error C2039: 'flipFirstCard': is not a member of 'House'
      C:\Users\alexl\OneDrive\Documents\GitHub\Blackjack Project\Blackjack Project\House.h(4,7):
      see declaration of 'House'
  
C:\Users\alexl\OneDrive\Documents\GitHub\Blackjack Project\Blackjack Project\Game.cpp(55,10): error C2679: binary '<<': no operator found which takes a right-hand operand of type 'Player' (or there is no acceptable conversion)
      C:\Program Files\Microsoft Visual Studio\2022\Community\VC\Tools\MSVC\14.42.34433\include\ostream(486,39):
      could be 'std::basic_ostream<char,std::char_traits<char>> &std::basic_ostream<char,std::char_traits<char>>::operator <<(std::basic_streambuf<char,std::char_traits<char>> *)'
          C:\Users\alexl\OneDrive\Documents\GitHub\Blackjack Project\Blackjack Project\Game.cpp(55,10):
          'std::basic_ostream<char,std::char_traits<char>> &std::basic_ostream<char,std::char_traits<char>>::operator <<(std::basic_streambuf<char,std::char_traits<char>> *)': cannot convert argument 2 from 'Player' to 'std::basic_streambuf<char,std::char_traits<char>> *'
              C:\Users\alexl\OneDrive\Documents\GitHub\Blackjack Project\Blackjack Project\Game.cpp(55,18):
              No user-defined-conversion operator available that can perform this conversion, or the operator cannot be called
      C:\Program Files\Microsoft Visual Studio\2022\Community\VC\Tools\MSVC\14.42.34433\include\ostream(454,39):
      or       'std::basic_ostream<char,std::char_traits<char>> &std::basic_ostream<char,std::char_traits<char>>::operator <<(const void *)'
          C:\Users\alexl\OneDrive\Documents\GitHub\Blackjack Project\Blackjack Project\Game.cpp(55,10):
          'std::basic_ostream<char,std::char_traits<char>> &std::basic_ostream<char,std::char_traits<char>>::operator <<(const void *)': cannot convert argument 2 from 'Player' to 'const void *'
              C:\Users\alexl\OneDrive\Documents\GitHub\Blackjack Project\Blackjack Project\Game.cpp(55,18):
              No user-defined-conversion operator available that can perform this conversion, or the operator cannot be called
      C:\Program Files\Microsoft Visual Studio\2022\Community\VC\Tools\MSVC\14.42.34433\include\ostream(436,39):
      or       'std::basic_ostream<char,std::char_traits<char>> &std::basic_ostream<char,std::char_traits<char>>::operator <<(long double)'
          C:\Users\alexl\OneDrive\Documents\GitHub\Blackjack Project\Blackjack Project\Game.cpp(55,10):
          'std::basic_ostream<char,std::char_traits<char>> &std::basic_ostream<char,std::char_traits<char>>::operator <<(long double)': cannot convert argument 2 from 'Player' to 'long double'
              C:\Users\alexl\OneDrive\Documents\GitHub\Blackjack Project\Blackjack Project\Game.cpp(55,18):
              No user-defined-conversion operator available that can perform this conversion, or the operator cannot be called
      C:\Program Files\Microsoft Visual Studio\2022\Community\VC\Tools\MSVC\14.42.34433\include\ostream(418,39):
      or       'std::basic_ostream<char,std::char_traits<char>> &std::basic_ostream<char,std::char_traits<char>>::operator <<(double)'
          C:\Users\alexl\OneDrive\Documents\GitHub\Blackjack Project\Blackjack Project\Game.cpp(55,10):
          'std::basic_ostream<char,std::char_traits<char>> &std::basic_ostream<char,std::char_traits<char>>::operator <<(double)': cannot convert argument 2 from 'Player' to 'double'
              C:\Users\alexl\OneDrive\Documents\GitHub\Blackjack Project\Blackjack Project\Game.cpp(55,18):
              No user-defined-conversion operator available that can perform this conversion, or the operator cannot be called
      C:\Program Files\Microsoft Visual Studio\2022\Community\VC\Tools\MSVC\14.42.34433\include\ostream(400,39):
      or       'std::basic_ostream<char,std::char_traits<char>> &std::basic_ostream<char,std::char_traits<char>>::operator <<(float)'
          C:\Users\alexl\OneDrive\Documents\GitHub\Blackjack Project\Blackjack Project\Game.cpp(55,10):
          'std::basic_ostream<char,std::char_traits<char>> &std::basic_ostream<char,std::char_traits<char>>::operator <<(float)': cannot convert argument 2 from 'Player' to 'float'
              C:\Users\alexl\OneDrive\Documents\GitHub\Blackjack Project\Blackjack Project\Game.cpp(55,18):
              No user-defined-conversion operator available that can perform this conversion, or the operator cannot be called
      C:\Program Files\Microsoft Visual Studio\2022\Community\VC\Tools\MSVC\14.42.34433\include\ostream(382,39):
      or       'std::basic_ostream<char,std::char_traits<char>> &std::basic_ostream<char,std::char_traits<char>>::operator <<(unsigned __int64)'
          C:\Users\alexl\OneDrive\Documents\GitHub\Blackjack Project\Blackjack Project\Game.cpp(55,10):
          'std::basic_ostream<char,std::char_traits<char>> &std::basic_ostream<char,std::char_traits<char>>::operator <<(unsigned __int64)': cannot convert argument 2 from 'Player' to 'unsigned __int64'
              C:\Users\alexl\OneDrive\Documents\GitHub\Blackjack Project\Blackjack Project\Game.cpp(55,18):
              No user-defined-conversion operator available that can perform this conversion, or the operator cannot be called
      C:\Program Files\Microsoft Visual Studio\2022\Community\VC\Tools\MSVC\14.42.34433\include\ostream(364,39):
      or       'std::basic_ostream<char,std::char_traits<char>> &std::basic_ostream<char,std::char_traits<char>>::operator <<(__int64)'
          C:\Users\alexl\OneDrive\Documents\GitHub\Blackjack Project\Blackjack Project\Game.cpp(55,10):
          'std::basic_ostream<char,std::char_traits<char>> &std::basic_ostream<char,std::char_traits<char>>::operator <<(__int64)': cannot convert argument 2 from 'Player' to '__int64'
              C:\Users\alexl\OneDrive\Documents\GitHub\Blackjack Project\Blackjack Project\Game.cpp(55,18):
              No user-defined-conversion operator available that can perform this conversion, or the operator cannot be called
      C:\Program Files\Microsoft Visual Studio\2022\Community\VC\Tools\MSVC\14.42.34433\include\ostream(346,39):
      or       'std::basic_ostream<char,std::char_traits<char>> &std::basic_ostream<char,std::char_traits<char>>::operator <<(unsigned long)'
          C:\Users\alexl\OneDrive\Documents\GitHub\Blackjack Project\Blackjack Project\Game.cpp(55,10):
          'std::basic_ostream<char,std::char_traits<char>> &std::basic_ostream<char,std::char_traits<char>>::operator <<(unsigned long)': cannot convert argument 2 from 'Player' to 'unsigned long'
              C:\Users\alexl\OneDrive\Documents\GitHub\Blackjack Project\Blackjack Project\Game.cpp(55,18):
              No user-defined-conversion operator available that can perform this conversion, or the operator cannot be called
      C:\Program Files\Microsoft Visual Studio\2022\Community\VC\Tools\MSVC\14.42.34433\include\ostream(328,39):
      or       'std::basic_ostream<char,std::char_traits<char>> &std::basic_ostream<char,std::char_traits<char>>::operator <<(long)'
          C:\Users\alexl\OneDrive\Documents\GitHub\Blackjack Project\Blackjack Project\Game.cpp(55,10):
          'std::basic_ostream<char,std::char_traits<char>> &std::basic_ostream<char,std::char_traits<char>>::operator <<(long)': cannot convert argument 2 from 'Player' to 'long'
              C:\Users\alexl\OneDrive\Documents\GitHub\Blackjack Project\Blackjack Project\Game.cpp(55,18):
              No user-defined-conversion operator available that can perform this conversion, or the operator cannot be called
      C:\Program Files\Microsoft Visual Studio\2022\Community\VC\Tools\MSVC\14.42.34433\include\ostream(309,39):
      or       'std::basic_ostream<char,std::char_traits<char>> &std::basic_ostream<char,std::char_traits<char>>::operator <<(unsigned int)'
          C:\Users\alexl\OneDrive\Documents\GitHub\Blackjack Project\Blackjack Project\Game.cpp(55,10):
          'std::basic_ostream<char,std::char_traits<char>> &std::basic_ostream<char,std::char_traits<char>>::operator <<(unsigned int)': cannot convert argument 2 from 'Player' to 'unsigned int'
              C:\Users\alexl\OneDrive\Documents\GitHub\Blackjack Project\Blackjack Project\Game.cpp(55,18):
              No user-defined-conversion operator available that can perform this conversion, or the operator cannot be called
      C:\Program Files\Microsoft Visual Studio\2022\Community\VC\Tools\MSVC\14.42.34433\include\ostream(283,39):
      or       'std::basic_ostream<char,std::char_traits<char>> &std::basic_ostream<char,std::char_traits<char>>::operator <<(int)'
          C:\Users\alexl\OneDrive\Documents\GitHub\Blackjack Project\Blackjack Project\Game.cpp(55,10):
          'std::basic_ostream<char,std::char_traits<char>> &std::basic_ostream<char,std::char_traits<char>>::operator <<(int)': cannot convert argument 2 from 'Player' to 'int'
              C:\Users\alexl\OneDrive\Documents\GitHub\Blackjack Project\Blackjack Project\Game.cpp(55,18):
              No user-defined-conversion operator available that can perform this conversion, or the operator cannot be called
      C:\Program Files\Microsoft Visual Studio\2022\Community\VC\Tools\MSVC\14.42.34433\include\ostream(264,39):
      or       'std::basic_ostream<char,std::char_traits<char>> &std::basic_ostream<char,std::char_traits<char>>::operator <<(unsigned short)'
          C:\Users\alexl\OneDrive\Documents\GitHub\Blackjack Project\Blackjack Project\Game.cpp(55,10):
          'std::basic_ostream<char,std::char_traits<char>> &std::basic_ostream<char,std::char_traits<char>>::operator <<(unsigned short)': cannot convert argument 2 from 'Player' to 'unsigned short'
              C:\Users\alexl\OneDrive\Documents\GitHub\Blackjack Project\Blackjack Project\Game.cpp(55,18):
              No user-defined-conversion operator available that can perform this conversion, or the operator cannot be called
      C:\Program Files\Microsoft Visual Studio\2022\Community\VC\Tools\MSVC\14.42.34433\include\ostream(230,39):
      or       'std::basic_ostream<char,std::char_traits<char>> &std::basic_ostream<char,std::char_traits<char>>::operator <<(short)'
          C:\Users\alexl\OneDrive\Documents\GitHub\Blackjack Project\Blackjack Project\Game.cpp(55,10):
          'std::basic_ostream<char,std::char_traits<char>> &std::basic_ostream<char,std::char_traits<char>>::operator <<(short)': cannot convert argument 2 from 'Player' to 'short'
              C:\Users\alexl\OneDrive\Documents\GitHub\Blackjack Project\Blackjack Project\Game.cpp(55,18):
              No user-defined-conversion operator available that can perform this conversion, or the operator cannot be called
      C:\Program Files\Microsoft Visual Studio\2022\Community\VC\Tools\MSVC\14.42.34433\include\ostream(212,39):
      or       'std::basic_ostream<char,std::char_traits<char>> &std::basic_ostream<char,std::char_traits<char>>::operator <<(bool)'
          C:\Users\alexl\OneDrive\Documents\GitHub\Blackjack Project\Blackjack Project\Game.cpp(55,10):
          'std::basic_ostream<char,std::char_traits<char>> &std::basic_ostream<char,std::char_traits<char>>::operator <<(bool)': cannot convert argument 2 from 'Player' to 'bool'
              C:\Users\alexl\OneDrive\Documents\GitHub\Blackjack Project\Blackjack Project\Game.cpp(55,18):
              No user-defined-conversion operator available that can perform this conversion, or the operator cannot be called
      C:\Program Files\Microsoft Visual Studio\2022\Community\VC\Tools\MSVC\14.42.34433\include\ostream(206,39):
      or       'std::basic_ostream<char,std::char_traits<char>> &std::basic_ostream<char,std::char_traits<char>>::operator <<(std::ios_base &(__cdecl *)(std::ios_base &))'
          C:\Users\alexl\OneDrive\Documents\GitHub\Blackjack Project\Blackjack Project\Game.cpp(55,10):
          'std::basic_ostream<char,std::char_traits<char>> &std::basic_ostream<char,std::char_traits<char>>::operator <<(std::ios_base &(__cdecl *)(std::ios_base &))': cannot convert argument 2 from 'Player' to 'std::ios_base &(__cdecl *)(std::ios_base &)'
              C:\Users\alexl\OneDrive\Documents\GitHub\Blackjack Project\Blackjack Project\Game.cpp(55,18):
              No user-defined-conversion operator available that can perform this conversion, or the operator cannot be called
      C:\Program Files\Microsoft Visual Studio\2022\Community\VC\Tools\MSVC\14.42.34433\include\ostream(200,39):
      or       'std::basic_ostream<char,std::char_traits<char>> &std::basic_ostream<char,std::char_traits<char>>::operator <<(std::basic_ios<char,std::char_traits<char>> &(__cdecl *)(std::basic_ios<char,std::char_traits<char>> &))'
          C:\Users\alexl\OneDrive\Documents\GitHub\Blackjack Project\Blackjack Project\Game.cpp(55,10):
          'std::basic_ostream<char,std::char_traits<char>> &std::basic_ostream<char,std::char_traits<char>>::operator <<(std::basic_ios<char,std::char_traits<char>> &(__cdecl *)(std::basic_ios<char,std::char_traits<char>> &))': cannot convert argument 2 from 'Player' to 'std::basic_ios<char,std::char_traits<char>> &(__cdecl *)(std::basic_ios<char,std::char_traits<char>> &)'
              C:\Users\alexl\OneDrive\Documents\GitHub\Blackjack Project\Blackjack Project\Game.cpp(55,18):
              No user-defined-conversion operator available that can perform this conversion, or the operator cannot be called
      C:\Program Files\Microsoft Visual Studio\2022\Community\VC\Tools\MSVC\14.42.34433\include\ostream(195,39):
      or       'std::basic_ostream<char,std::char_traits<char>> &std::basic_ostream<char,std::char_traits<char>>::operator <<(std::basic_ostream<char,std::char_traits<char>> &(__cdecl *)(std::basic_ostream<char,std::char_traits<char>> &))'
          C:\Users\alexl\OneDrive\Documents\GitHub\Blackjack Project\Blackjack Project\Game.cpp(55,10):
          'std::basic_ostream<char,std::char_traits<char>> &std::basic_ostream<char,std::char_traits<char>>::operator <<(std::basic_ostream<char,std::char_traits<char>> &(__cdecl *)(std::basic_ostream<char,std::char_traits<char>> &))': cannot convert argument 2 from 'Player' to 'std::basic_ostream<char,std::char_traits<char>> &(__cdecl *)(std::basic_ostream<char,std::char_traits<char>> &)'
              C:\Users\alexl\OneDrive\Documents\GitHub\Blackjack Project\Blackjack Project\Game.cpp(55,18):
              No user-defined-conversion operator available that can perform this conversion, or the operator cannot be called
      C:\Program Files\Microsoft Visual Studio\2022\Community\VC\Tools\MSVC\14.42.34433\include\xstring(3419,32):
      or       'std::basic_ostream<_Elem,_Traits> &std::operator <<(std::basic_ostream<_Elem,_Traits> &,const std::basic_string<_Elem,_Traits,_Alloc> &)'
          C:\Users\alexl\OneDrive\Documents\GitHub\Blackjack Project\Blackjack Project\Game.cpp(55,10):
          'std::basic_ostream<_Elem,_Traits> &std::operator <<(std::basic_ostream<_Elem,_Traits> &,const std::basic_string<_Elem,_Traits,_Alloc> &)': could not deduce template argument for 'const std::basic_string<_Elem,_Traits,_Alloc> &' from 'Player'
      C:\Program Files\Microsoft Visual Studio\2022\Community\VC\Tools\MSVC\14.42.34433\include\memory(1979,32):
      or       'std::basic_ostream<_Elem,_Traits> &std::operator <<(std::basic_ostream<_Elem,_Traits> &,const std::shared_ptr<_Ty> &)'
          C:\Users\alexl\OneDrive\Documents\GitHub\Blackjack Project\Blackjack Project\Game.cpp(55,10):
          'std::basic_ostream<_Elem,_Traits> &std::operator <<(std::basic_ostream<_Elem,_Traits> &,const std::shared_ptr<_Ty> &)': could not deduce template argument for 'const std::shared_ptr<_Ty> &' from 'Player'
      C:\Program Files\Microsoft Visual Studio\2022\Community\VC\Tools\MSVC\14.42.34433\include\memory(3761,32):
      or       'std::basic_ostream<_Elem,_Traits> &std::operator <<(std::basic_ostream<_Elem,_Traits> &,const std::unique_ptr<_Ty2,_Dx2> &)'
          C:\Users\alexl\OneDrive\Documents\GitHub\Blackjack Project\Blackjack Project\Game.cpp(55,10):
          'std::basic_ostream<_Elem,_Traits> &std::operator <<(std::basic_ostream<_Elem,_Traits> &,const std::unique_ptr<_Ty2,_Dx2> &)': could not deduce template argument for 'const std::unique_ptr<_Ty2,_Dx2> &' from 'Player'
      C:\Program Files\Microsoft Visual Studio\2022\Community\VC\Tools\MSVC\14.42.34433\include\ostream(694,32):
      or       'std::basic_ostream<_Elem,_Traits> &std::operator <<(std::basic_ostream<_Elem,_Traits> &,const char *)'
          C:\Users\alexl\OneDrive\Documents\GitHub\Blackjack Project\Blackjack Project\Game.cpp(55,18):
          'initializing': cannot convert from 'Player' to 'const char *'
              C:\Users\alexl\OneDrive\Documents\GitHub\Blackjack Project\Blackjack Project\Game.cpp(55,18):
              No user-defined-conversion operator available that can perform this conversion, or the operator cannot be called
      C:\Program Files\Microsoft Visual Studio\2022\Community\VC\Tools\MSVC\14.42.34433\include\ostream(738,32):
      or       'std::basic_ostream<_Elem,_Traits> &std::operator <<(std::basic_ostream<_Elem,_Traits> &,char)'
          C:\Users\alexl\OneDrive\Documents\GitHub\Blackjack Project\Blackjack Project\Game.cpp(55,18):
          'initializing': cannot convert from 'Player' to 'char'
              C:\Users\alexl\OneDrive\Documents\GitHub\Blackjack Project\Blackjack Project\Game.cpp(55,18):
              No user-defined-conversion operator available that can perform this conversion, or the operator cannot be called
      C:\Program Files\Microsoft Visual Studio\2022\Community\VC\Tools\MSVC\14.42.34433\include\ostream(774,31):
      or       'std::basic_ostream<char,_Traits> &std::operator <<(std::basic_ostream<char,_Traits> &,const char *)'
          C:\Users\alexl\OneDrive\Documents\GitHub\Blackjack Project\Blackjack Project\Game.cpp(55,18):
          'initializing': cannot convert from 'Player' to 'const char *'
              C:\Users\alexl\OneDrive\Documents\GitHub\Blackjack Project\Blackjack Project\Game.cpp(55,18):
              No user-defined-conversion operator available that can perform this conversion, or the operator cannot be called
      C:\Program Files\Microsoft Visual Studio\2022\Community\VC\Tools\MSVC\14.42.34433\include\ostream(819,31):
      or       'std::basic_ostream<char,_Traits> &std::operator <<(std::basic_ostream<char,_Traits> &,char)'
          C:\Users\alexl\OneDrive\Documents\GitHub\Blackjack Project\Blackjack Project\Game.cpp(55,18):
          'initializing': cannot convert from 'Player' to 'char'
              C:\Users\alexl\OneDrive\Documents\GitHub\Blackjack Project\Blackjack Project\Game.cpp(55,18):
              No user-defined-conversion operator available that can perform this conversion, or the operator cannot be called
      C:\Program Files\Microsoft Visual Studio\2022\Community\VC\Tools\MSVC\14.42.34433\include\ostream(857,32):
      or       'std::basic_ostream<_Elem,_Traits> &std::operator <<(std::basic_ostream<_Elem,_Traits> &,const _Elem *)'
          C:\Users\alexl\OneDrive\Documents\GitHub\Blackjack Project\Blackjack Project\Game.cpp(55,10):
          'std::basic_ostream<_Elem,_Traits> &std::operator <<(std::basic_ostream<_Elem,_Traits> &,const _Elem *)': could not deduce template argument for 'const _Elem *' from 'Player'
      C:\Program Files\Microsoft Visual Studio\2022\Community\VC\Tools\MSVC\14.42.34433\include\ostream(900,32):
      or       'std::basic_ostream<_Elem,_Traits> &std::operator <<(std::basic_ostream<_Elem,_Traits> &,_Elem)'
          C:\Users\alexl\OneDrive\Documents\GitHub\Blackjack Project\Blackjack Project\Game.cpp(55,10):
          'std::basic_ostream<_Elem,_Traits> &std::operator <<(std::basic_ostream<_Elem,_Traits> &,_Elem)': template parameter '_Elem' is ambiguous
              C:\Users\alexl\OneDrive\Documents\GitHub\Blackjack Project\Blackjack Project\Game.cpp(55,10):
              could be 'Player'
              C:\Users\alexl\OneDrive\Documents\GitHub\Blackjack Project\Blackjack Project\Game.cpp(55,10):
              or       'char'
          C:\Users\alexl\OneDrive\Documents\GitHub\Blackjack Project\Blackjack Project\Game.cpp(55,10):
          'std::basic_ostream<_Elem,_Traits> &std::operator <<(std::basic_ostream<_Elem,_Traits> &,_Elem)': could not deduce template argument for '_Elem' from 'Player'
      C:\Program Files\Microsoft Visual Studio\2022\Community\VC\Tools\MSVC\14.42.34433\include\ostream(936,31):
      or       'std::basic_ostream<char,_Traits> &std::operator <<(std::basic_ostream<char,_Traits> &,const signed char *)'
          C:\Users\alexl\OneDrive\Documents\GitHub\Blackjack Project\Blackjack Project\Game.cpp(55,18):
          'initializing': cannot convert from 'Player' to 'const signed char *'
              C:\Users\alexl\OneDrive\Documents\GitHub\Blackjack Project\Blackjack Project\Game.cpp(55,18):
              No user-defined-conversion operator available that can perform this conversion, or the operator cannot be called
      C:\Program Files\Microsoft Visual Studio\2022\Community\VC\Tools\MSVC\14.42.34433\include\ostream(942,31):
      or       'std::basic_ostream<char,_Traits> &std::operator <<(std::basic_ostream<char,_Traits> &,signed char)'
          C:\Users\alexl\OneDrive\Documents\GitHub\Blackjack Project\Blackjack Project\Game.cpp(55,18):
          'initializing': cannot convert from 'Player' to 'signed char'
              C:\Users\alexl\OneDrive\Documents\GitHub\Blackjack Project\Blackjack Project\Game.cpp(55,18):
              No user-defined-conversion operator available that can perform this conversion, or the operator cannot be called
      C:\Program Files\Microsoft Visual Studio\2022\Community\VC\Tools\MSVC\14.42.34433\include\ostream(947,31):
      or       'std::basic_ostream<char,_Traits> &std::operator <<(std::basic_ostream<char,_Traits> &,const unsigned char *)'
          C:\Users\alexl\OneDrive\Documents\GitHub\Blackjack Project\Blackjack Project\Game.cpp(55,18):
          'initializing': cannot convert from 'Player' to 'const unsigned char *'
              C:\Users\alexl\OneDrive\Documents\GitHub\Blackjack Project\Blackjack Project\Game.cpp(55,18):
              No user-defined-conversion operator available that can perform this conversion, or the operator cannot be called
      C:\Program Files\Microsoft Visual Studio\2022\Community\VC\Tools\MSVC\14.42.34433\include\ostream(953,31):
      or       'std::basic_ostream<char,_Traits> &std::operator <<(std::basic_ostream<char,_Traits> &,unsigned char)'
          C:\Users\alexl\OneDrive\Documents\GitHub\Blackjack Project\Blackjack Project\Game.cpp(55,18):
          'initializing': cannot convert from 'Player' to 'unsigned char'
              C:\Users\alexl\OneDrive\Documents\GitHub\Blackjack Project\Blackjack Project\Game.cpp(55,18):
              No user-defined-conversion operator available that can perform this conversion, or the operator cannot be called
      C:\Program Files\Microsoft Visual Studio\2022\Community\VC\Tools\MSVC\14.42.34433\include\ostream(1011,9):
      or       '_Ostr &&std::operator <<(_Ostr &&,const _Ty &)'
          C:\Users\alexl\OneDrive\Documents\GitHub\Blackjack Project\Blackjack Project\Game.cpp(55,10):
          '_Ostr &&std::operator <<(_Ostr &&,const _Ty &)': could not deduce template argument for '__formal'
              C:\Program Files\Microsoft Visual Studio\2022\Community\VC\Tools\MSVC\14.42.34433\include\ostream(1010,103):
              '<template-parameter>': you cannot create a pointer to a reference
      C:\Program Files\Microsoft Visual Studio\2022\Community\VC\Tools\MSVC\14.42.34433\include\ostream(1088,32):
      or       'std::basic_ostream<_Elem,_Traits> &std::operator <<(std::basic_ostream<_Elem,_Traits> &,const std::error_code &)'
          C:\Users\alexl\OneDrive\Documents\GitHub\Blackjack Project\Blackjack Project\Game.cpp(55,18):
          'initializing': cannot convert from 'Player' to 'const std::error_code &'
              C:\Users\alexl\OneDrive\Documents\GitHub\Blackjack Project\Blackjack Project\Game.cpp(55,18):
              Reason: cannot convert from 'Player' to 'const std::error_code'
              C:\Users\alexl\OneDrive\Documents\GitHub\Blackjack Project\Blackjack Project\Game.cpp(55,18):
              No user-defined-conversion operator available that can perform this conversion, or the operator cannot be called
      C:\Users\alexl\OneDrive\Documents\GitHub\Blackjack Project\Blackjack Project\Game.cpp(55,10):
      while trying to match the argument list '(std::ostream, Player)'
  
C:\Users\alexl\OneDrive\Documents\GitHub\Blackjack Project\Blackjack Project\Game.cpp(56,10): error C2679: binary '<<': no operator found which takes a right-hand operand of type 'House' (or there is no acceptable conversion)
      C:\Program Files\Microsoft Visual Studio\2022\Community\VC\Tools\MSVC\14.42.34433\include\ostream(486,39):
      could be 'std::basic_ostream<char,std::char_traits<char>> &std::basic_ostream<char,std::char_traits<char>>::operator <<(std::basic_streambuf<char,std::char_traits<char>> *)'
          C:\Users\alexl\OneDrive\Documents\GitHub\Blackjack Project\Blackjack Project\Game.cpp(56,10):
          'std::basic_ostream<char,std::char_traits<char>> &std::basic_ostream<char,std::char_traits<char>>::operator <<(std::basic_streambuf<char,std::char_traits<char>> *)': cannot convert argument 2 from 'House' to 'std::basic_streambuf<char,std::char_traits<char>> *'
              C:\Users\alexl\OneDrive\Documents\GitHub\Blackjack Project\Blackjack Project\Game.cpp(56,18):
              No user-defined-conversion operator available that can perform this conversion, or the operator cannot be called
      C:\Program Files\Microsoft Visual Studio\2022\Community\VC\Tools\MSVC\14.42.34433\include\ostream(454,39):
      or       'std::basic_ostream<char,std::char_traits<char>> &std::basic_ostream<char,std::char_traits<char>>::operator <<(const void *)'
          C:\Users\alexl\OneDrive\Documents\GitHub\Blackjack Project\Blackjack Project\Game.cpp(56,10):
          'std::basic_ostream<char,std::char_traits<char>> &std::basic_ostream<char,std::char_traits<char>>::operator <<(const void *)': cannot convert argument 2 from 'House' to 'const void *'
              C:\Users\alexl\OneDrive\Documents\GitHub\Blackjack Project\Blackjack Project\Game.cpp(56,18):
              No user-defined-conversion operator available that can perform this conversion, or the operator cannot be called
      C:\Program Files\Microsoft Visual Studio\2022\Community\VC\Tools\MSVC\14.42.34433\include\ostream(436,39):
      or       'std::basic_ostream<char,std::char_traits<char>> &std::basic_ostream<char,std::char_traits<char>>::operator <<(long double)'
          C:\Users\alexl\OneDrive\Documents\GitHub\Blackjack Project\Blackjack Project\Game.cpp(56,10):
          'std::basic_ostream<char,std::char_traits<char>> &std::basic_ostream<char,std::char_traits<char>>::operator <<(long double)': cannot convert argument 2 from 'House' to 'long double'
              C:\Users\alexl\OneDrive\Documents\GitHub\Blackjack Project\Blackjack Project\Game.cpp(56,18):
              No user-defined-conversion operator available that can perform this conversion, or the operator cannot be called
      C:\Program Files\Microsoft Visual Studio\2022\Community\VC\Tools\MSVC\14.42.34433\include\ostream(418,39):
      or       'std::basic_ostream<char,std::char_traits<char>> &std::basic_ostream<char,std::char_traits<char>>::operator <<(double)'
          C:\Users\alexl\OneDrive\Documents\GitHub\Blackjack Project\Blackjack Project\Game.cpp(56,10):
          'std::basic_ostream<char,std::char_traits<char>> &std::basic_ostream<char,std::char_traits<char>>::operator <<(double)': cannot convert argument 2 from 'House' to 'double'
              C:\Users\alexl\OneDrive\Documents\GitHub\Blackjack Project\Blackjack Project\Game.cpp(56,18):
              No user-defined-conversion operator available that can perform this conversion, or the operator cannot be called
      C:\Program Files\Microsoft Visual Studio\2022\Community\VC\Tools\MSVC\14.42.34433\include\ostream(400,39):
      or       'std::basic_ostream<char,std::char_traits<char>> &std::basic_ostream<char,std::char_traits<char>>::operator <<(float)'
          C:\Users\alexl\OneDrive\Documents\GitHub\Blackjack Project\Blackjack Project\Game.cpp(56,10):
          'std::basic_ostream<char,std::char_traits<char>> &std::basic_ostream<char,std::char_traits<char>>::operator <<(float)': cannot convert argument 2 from 'House' to 'float'
              C:\Users\alexl\OneDrive\Documents\GitHub\Blackjack Project\Blackjack Project\Game.cpp(56,18):
              No user-defined-conversion operator available that can perform this conversion, or the operator cannot be called
      C:\Program Files\Microsoft Visual Studio\2022\Community\VC\Tools\MSVC\14.42.34433\include\ostream(382,39):
      or       'std::basic_ostream<char,std::char_traits<char>> &std::basic_ostream<char,std::char_traits<char>>::operator <<(unsigned __int64)'
          C:\Users\alexl\OneDrive\Documents\GitHub\Blackjack Project\Blackjack Project\Game.cpp(56,10):
          'std::basic_ostream<char,std::char_traits<char>> &std::basic_ostream<char,std::char_traits<char>>::operator <<(unsigned __int64)': cannot convert argument 2 from 'House' to 'unsigned __int64'
              C:\Users\alexl\OneDrive\Documents\GitHub\Blackjack Project\Blackjack Project\Game.cpp(56,18):
              No user-defined-conversion operator available that can perform this conversion, or the operator cannot be called
      C:\Program Files\Microsoft Visual Studio\2022\Community\VC\Tools\MSVC\14.42.34433\include\ostream(364,39):
      or       'std::basic_ostream<char,std::char_traits<char>> &std::basic_ostream<char,std::char_traits<char>>::operator <<(__int64)'
          C:\Users\alexl\OneDrive\Documents\GitHub\Blackjack Project\Blackjack Project\Game.cpp(56,10):
          'std::basic_ostream<char,std::char_traits<char>> &std::basic_ostream<char,std::char_traits<char>>::operator <<(__int64)': cannot convert argument 2 from 'House' to '__int64'
              C:\Users\alexl\OneDrive\Documents\GitHub\Blackjack Project\Blackjack Project\Game.cpp(56,18):
              No user-defined-conversion operator available that can perform this conversion, or the operator cannot be called
      C:\Program Files\Microsoft Visual Studio\2022\Community\VC\Tools\MSVC\14.42.34433\include\ostream(346,39):
      or       'std::basic_ostream<char,std::char_traits<char>> &std::basic_ostream<char,std::char_traits<char>>::operator <<(unsigned long)'
          C:\Users\alexl\OneDrive\Documents\GitHub\Blackjack Project\Blackjack Project\Game.cpp(56,10):
          'std::basic_ostream<char,std::char_traits<char>> &std::basic_ostream<char,std::char_traits<char>>::operator <<(unsigned long)': cannot convert argument 2 from 'House' to 'unsigned long'
              C:\Users\alexl\OneDrive\Documents\GitHub\Blackjack Project\Blackjack Project\Game.cpp(56,18):
              No user-defined-conversion operator available that can perform this conversion, or the operator cannot be called
      C:\Program Files\Microsoft Visual Studio\2022\Community\VC\Tools\MSVC\14.42.34433\include\ostream(328,39):
      or       'std::basic_ostream<char,std::char_traits<char>> &std::basic_ostream<char,std::char_traits<char>>::operator <<(long)'
          C:\Users\alexl\OneDrive\Documents\GitHub\Blackjack Project\Blackjack Project\Game.cpp(56,10):
          'std::basic_ostream<char,std::char_traits<char>> &std::basic_ostream<char,std::char_traits<char>>::operator <<(long)': cannot convert argument 2 from 'House' to 'long'
              C:\Users\alexl\OneDrive\Documents\GitHub\Blackjack Project\Blackjack Project\Game.cpp(56,18):
              No user-defined-conversion operator available that can perform this conversion, or the operator cannot be called
      C:\Program Files\Microsoft Visual Studio\2022\Community\VC\Tools\MSVC\14.42.34433\include\ostream(309,39):
      or       'std::basic_ostream<char,std::char_traits<char>> &std::basic_ostream<char,std::char_traits<char>>::operator <<(unsigned int)'
          C:\Users\alexl\OneDrive\Documents\GitHub\Blackjack Project\Blackjack Project\Game.cpp(56,10):
          'std::basic_ostream<char,std::char_traits<char>> &std::basic_ostream<char,std::char_traits<char>>::operator <<(unsigned int)': cannot convert argument 2 from 'House' to 'unsigned int'
              C:\Users\alexl\OneDrive\Documents\GitHub\Blackjack Project\Blackjack Project\Game.cpp(56,18):
              No user-defined-conversion operator available that can perform this conversion, or the operator cannot be called
      C:\Program Files\Microsoft Visual Studio\2022\Community\VC\Tools\MSVC\14.42.34433\include\ostream(283,39):
      or       'std::basic_ostream<char,std::char_traits<char>> &std::basic_ostream<char,std::char_traits<char>>::operator <<(int)'
          C:\Users\alexl\OneDrive\Documents\GitHub\Blackjack Project\Blackjack Project\Game.cpp(56,10):
          'std::basic_ostream<char,std::char_traits<char>> &std::basic_ostream<char,std::char_traits<char>>::operator <<(int)': cannot convert argument 2 from 'House' to 'int'
              C:\Users\alexl\OneDrive\Documents\GitHub\Blackjack Project\Blackjack Project\Game.cpp(56,18):
              No user-defined-conversion operator available that can perform this conversion, or the operator cannot be called
      C:\Program Files\Microsoft Visual Studio\2022\Community\VC\Tools\MSVC\14.42.34433\include\ostream(264,39):
      or       'std::basic_ostream<char,std::char_traits<char>> &std::basic_ostream<char,std::char_traits<char>>::operator <<(unsigned short)'
          C:\Users\alexl\OneDrive\Documents\GitHub\Blackjack Project\Blackjack Project\Game.cpp(56,10):
          'std::basic_ostream<char,std::char_traits<char>> &std::basic_ostream<char,std::char_traits<char>>::operator <<(unsigned short)': cannot convert argument 2 from 'House' to 'unsigned short'
              C:\Users\alexl\OneDrive\Documents\GitHub\Blackjack Project\Blackjack Project\Game.cpp(56,18):
              No user-defined-conversion operator available that can perform this conversion, or the operator cannot be called
      C:\Program Files\Microsoft Visual Studio\2022\Community\VC\Tools\MSVC\14.42.34433\include\ostream(230,39):
      or       'std::basic_ostream<char,std::char_traits<char>> &std::basic_ostream<char,std::char_traits<char>>::operator <<(short)'
          C:\Users\alexl\OneDrive\Documents\GitHub\Blackjack Project\Blackjack Project\Game.cpp(56,10):
          'std::basic_ostream<char,std::char_traits<char>> &std::basic_ostream<char,std::char_traits<char>>::operator <<(short)': cannot convert argument 2 from 'House' to 'short'
              C:\Users\alexl\OneDrive\Documents\GitHub\Blackjack Project\Blackjack Project\Game.cpp(56,18):
              No user-defined-conversion operator available that can perform this conversion, or the operator cannot be called
      C:\Program Files\Microsoft Visual Studio\2022\Community\VC\Tools\MSVC\14.42.34433\include\ostream(212,39):
      or       'std::basic_ostream<char,std::char_traits<char>> &std::basic_ostream<char,std::char_traits<char>>::operator <<(bool)'
          C:\Users\alexl\OneDrive\Documents\GitHub\Blackjack Project\Blackjack Project\Game.cpp(56,10):
          'std::basic_ostream<char,std::char_traits<char>> &std::basic_ostream<char,std::char_traits<char>>::operator <<(bool)': cannot convert argument 2 from 'House' to 'bool'
              C:\Users\alexl\OneDrive\Documents\GitHub\Blackjack Project\Blackjack Project\Game.cpp(56,18):
              No user-defined-conversion operator available that can perform this conversion, or the operator cannot be called
      C:\Program Files\Microsoft Visual Studio\2022\Community\VC\Tools\MSVC\14.42.34433\include\ostream(206,39):
      or       'std::basic_ostream<char,std::char_traits<char>> &std::basic_ostream<char,std::char_traits<char>>::operator <<(std::ios_base &(__cdecl *)(std::ios_base &))'
          C:\Users\alexl\OneDrive\Documents\GitHub\Blackjack Project\Blackjack Project\Game.cpp(56,10):
          'std::basic_ostream<char,std::char_traits<char>> &std::basic_ostream<char,std::char_traits<char>>::operator <<(std::ios_base &(__cdecl *)(std::ios_base &))': cannot convert argument 2 from 'House' to 'std::ios_base &(__cdecl *)(std::ios_base &)'
              C:\Users\alexl\OneDrive\Documents\GitHub\Blackjack Project\Blackjack Project\Game.cpp(56,18):
              No user-defined-conversion operator available that can perform this conversion, or the operator cannot be called
      C:\Program Files\Microsoft Visual Studio\2022\Community\VC\Tools\MSVC\14.42.34433\include\ostream(200,39):
      or       'std::basic_ostream<char,std::char_traits<char>> &std::basic_ostream<char,std::char_traits<char>>::operator <<(std::basic_ios<char,std::char_traits<char>> &(__cdecl *)(std::basic_ios<char,std::char_traits<char>> &))'
          C:\Users\alexl\OneDrive\Documents\GitHub\Blackjack Project\Blackjack Project\Game.cpp(56,10):
          'std::basic_ostream<char,std::char_traits<char>> &std::basic_ostream<char,std::char_traits<char>>::operator <<(std::basic_ios<char,std::char_traits<char>> &(__cdecl *)(std::basic_ios<char,std::char_traits<char>> &))': cannot convert argument 2 from 'House' to 'std::basic_ios<char,std::char_traits<char>> &(__cdecl *)(std::basic_ios<char,std::char_traits<char>> &)'
              C:\Users\alexl\OneDrive\Documents\GitHub\Blackjack Project\Blackjack Project\Game.cpp(56,18):
              No user-defined-conversion operator available that can perform this conversion, or the operator cannot be called
      C:\Program Files\Microsoft Visual Studio\2022\Community\VC\Tools\MSVC\14.42.34433\include\ostream(195,39):
      or       'std::basic_ostream<char,std::char_traits<char>> &std::basic_ostream<char,std::char_traits<char>>::operator <<(std::basic_ostream<char,std::char_traits<char>> &(__cdecl *)(std::basic_ostream<char,std::char_traits<char>> &))'
          C:\Users\alexl\OneDrive\Documents\GitHub\Blackjack Project\Blackjack Project\Game.cpp(56,10):
          'std::basic_ostream<char,std::char_traits<char>> &std::basic_ostream<char,std::char_traits<char>>::operator <<(std::basic_ostream<char,std::char_traits<char>> &(__cdecl *)(std::basic_ostream<char,std::char_traits<char>> &))': cannot convert argument 2 from 'House' to 'std::basic_ostream<char,std::char_traits<char>> &(__cdecl *)(std::basic_ostream<char,std::char_traits<char>> &)'
              C:\Users\alexl\OneDrive\Documents\GitHub\Blackjack Project\Blackjack Project\Game.cpp(56,18):
              No user-defined-conversion operator available that can perform this conversion, or the operator cannot be called
      C:\Program Files\Microsoft Visual Studio\2022\Community\VC\Tools\MSVC\14.42.34433\include\xstring(3419,32):
      or       'std::basic_ostream<_Elem,_Traits> &std::operator <<(std::basic_ostream<_Elem,_Traits> &,const std::basic_string<_Elem,_Traits,_Alloc> &)'
          C:\Users\alexl\OneDrive\Documents\GitHub\Blackjack Project\Blackjack Project\Game.cpp(56,10):
          'std::basic_ostream<_Elem,_Traits> &std::operator <<(std::basic_ostream<_Elem,_Traits> &,const std::basic_string<_Elem,_Traits,_Alloc> &)': could not deduce template argument for 'const std::basic_string<_Elem,_Traits,_Alloc> &' from 'House'
      C:\Program Files\Microsoft Visual Studio\2022\Community\VC\Tools\MSVC\14.42.34433\include\memory(1979,32):
      or       'std::basic_ostream<_Elem,_Traits> &std::operator <<(std::basic_ostream<_Elem,_Traits> &,const std::shared_ptr<_Ty> &)'
          C:\Users\alexl\OneDrive\Documents\GitHub\Blackjack Project\Blackjack Project\Game.cpp(56,10):
          'std::basic_ostream<_Elem,_Traits> &std::operator <<(std::basic_ostream<_Elem,_Traits> &,const std::shared_ptr<_Ty> &)': could not deduce template argument for 'const std::shared_ptr<_Ty> &' from 'House'
      C:\Program Files\Microsoft Visual Studio\2022\Community\VC\Tools\MSVC\14.42.34433\include\memory(3761,32):
      or       'std::basic_ostream<_Elem,_Traits> &std::operator <<(std::basic_ostream<_Elem,_Traits> &,const std::unique_ptr<_Ty2,_Dx2> &)'
          C:\Users\alexl\OneDrive\Documents\GitHub\Blackjack Project\Blackjack Project\Game.cpp(56,10):
          'std::basic_ostream<_Elem,_Traits> &std::operator <<(std::basic_ostream<_Elem,_Traits> &,const std::unique_ptr<_Ty2,_Dx2> &)': could not deduce template argument for 'const std::unique_ptr<_Ty2,_Dx2> &' from 'House'
      C:\Program Files\Microsoft Visual Studio\2022\Community\VC\Tools\MSVC\14.42.34433\include\ostream(694,32):
      or       'std::basic_ostream<_Elem,_Traits> &std::operator <<(std::basic_ostream<_Elem,_Traits> &,const char *)'
          C:\Users\alexl\OneDrive\Documents\GitHub\Blackjack Project\Blackjack Project\Game.cpp(56,18):
          'initializing': cannot convert from 'House' to 'const char *'
              C:\Users\alexl\OneDrive\Documents\GitHub\Blackjack Project\Blackjack Project\Game.cpp(56,18):
              No user-defined-conversion operator available that can perform this conversion, or the operator cannot be called
      C:\Program Files\Microsoft Visual Studio\2022\Community\VC\Tools\MSVC\14.42.34433\include\ostream(738,32):
      or       'std::basic_ostream<_Elem,_Traits> &std::operator <<(std::basic_ostream<_Elem,_Traits> &,char)'
          C:\Users\alexl\OneDrive\Documents\GitHub\Blackjack Project\Blackjack Project\Game.cpp(56,18):
          'initializing': cannot convert from 'House' to 'char'
              C:\Users\alexl\OneDrive\Documents\GitHub\Blackjack Project\Blackjack Project\Game.cpp(56,18):
              No user-defined-conversion operator available that can perform this conversion, or the operator cannot be called
      C:\Program Files\Microsoft Visual Studio\2022\Community\VC\Tools\MSVC\14.42.34433\include\ostream(774,31):
      or       'std::basic_ostream<char,_Traits> &std::operator <<(std::basic_ostream<char,_Traits> &,const char *)'
          C:\Users\alexl\OneDrive\Documents\GitHub\Blackjack Project\Blackjack Project\Game.cpp(56,18):
          'initializing': cannot convert from 'House' to 'const char *'
              C:\Users\alexl\OneDrive\Documents\GitHub\Blackjack Project\Blackjack Project\Game.cpp(56,18):
              No user-defined-conversion operator available that can perform this conversion, or the operator cannot be called
      C:\Program Files\Microsoft Visual Studio\2022\Community\VC\Tools\MSVC\14.42.34433\include\ostream(819,31):
      or       'std::basic_ostream<char,_Traits> &std::operator <<(std::basic_ostream<char,_Traits> &,char)'
          C:\Users\alexl\OneDrive\Documents\GitHub\Blackjack Project\Blackjack Project\Game.cpp(56,18):
          'initializing': cannot convert from 'House' to 'char'
              C:\Users\alexl\OneDrive\Documents\GitHub\Blackjack Project\Blackjack Project\Game.cpp(56,18):
              No user-defined-conversion operator available that can perform this conversion, or the operator cannot be called
      C:\Program Files\Microsoft Visual Studio\2022\Community\VC\Tools\MSVC\14.42.34433\include\ostream(857,32):
      or       'std::basic_ostream<_Elem,_Traits> &std::operator <<(std::basic_ostream<_Elem,_Traits> &,const _Elem *)'
          C:\Users\alexl\OneDrive\Documents\GitHub\Blackjack Project\Blackjack Project\Game.cpp(56,10):
          'std::basic_ostream<_Elem,_Traits> &std::operator <<(std::basic_ostream<_Elem,_Traits> &,const _Elem *)': could not deduce template argument for 'const _Elem *' from 'House'
      C:\Program Files\Microsoft Visual Studio\2022\Community\VC\Tools\MSVC\14.42.34433\include\ostream(900,32):
      or       'std::basic_ostream<_Elem,_Traits> &std::operator <<(std::basic_ostream<_Elem,_Traits> &,_Elem)'
          C:\Users\alexl\OneDrive\Documents\GitHub\Blackjack Project\Blackjack Project\Game.cpp(56,10):
          'std::basic_ostream<_Elem,_Traits> &std::operator <<(std::basic_ostream<_Elem,_Traits> &,_Elem)': template parameter '_Elem' is ambiguous
              C:\Users\alexl\OneDrive\Documents\GitHub\Blackjack Project\Blackjack Project\Game.cpp(56,10):
              could be 'House'
              C:\Users\alexl\OneDrive\Documents\GitHub\Blackjack Project\Blackjack Project\Game.cpp(56,10):
              or       'char'
          C:\Users\alexl\OneDrive\Documents\GitHub\Blackjack Project\Blackjack Project\Game.cpp(56,10):
          'std::basic_ostream<_Elem,_Traits> &std::operator <<(std::basic_ostream<_Elem,_Traits> &,_Elem)': could not deduce template argument for '_Elem' from 'House'
      C:\Program Files\Microsoft Visual Studio\2022\Community\VC\Tools\MSVC\14.42.34433\include\ostream(936,31):
      or       'std::basic_ostream<char,_Traits> &std::operator <<(std::basic_ostream<char,_Traits> &,const signed char *)'
          C:\Users\alexl\OneDrive\Documents\GitHub\Blackjack Project\Blackjack Project\Game.cpp(56,18):
          'initializing': cannot convert from 'House' to 'const signed char *'
              C:\Users\alexl\OneDrive\Documents\GitHub\Blackjack Project\Blackjack Project\Game.cpp(56,18):
              No user-defined-conversion operator available that can perform this conversion, or the operator cannot be called
      C:\Program Files\Microsoft Visual Studio\2022\Community\VC\Tools\MSVC\14.42.34433\include\ostream(942,31):
      or       'std::basic_ostream<char,_Traits> &std::operator <<(std::basic_ostream<char,_Traits> &,signed char)'
          C:\Users\alexl\OneDrive\Documents\GitHub\Blackjack Project\Blackjack Project\Game.cpp(56,18):
          'initializing': cannot convert from 'House' to 'signed char'
              C:\Users\alexl\OneDrive\Documents\GitHub\Blackjack Project\Blackjack Project\Game.cpp(56,18):
              No user-defined-conversion operator available that can perform this conversion, or the operator cannot be called
      C:\Program Files\Microsoft Visual Studio\2022\Community\VC\Tools\MSVC\14.42.34433\include\ostream(947,31):
      or       'std::basic_ostream<char,_Traits> &std::operator <<(std::basic_ostream<char,_Traits> &,const unsigned char *)'
          C:\Users\alexl\OneDrive\Documents\GitHub\Blackjack Project\Blackjack Project\Game.cpp(56,18):
          'initializing': cannot convert from 'House' to 'const unsigned char *'
              C:\Users\alexl\OneDrive\Documents\GitHub\Blackjack Project\Blackjack Project\Game.cpp(56,18):
              No user-defined-conversion operator available that can perform this conversion, or the operator cannot be called
      C:\Program Files\Microsoft Visual Studio\2022\Community\VC\Tools\MSVC\14.42.34433\include\ostream(953,31):
      or       'std::basic_ostream<char,_Traits> &std::operator <<(std::basic_ostream<char,_Traits> &,unsigned char)'
          C:\Users\alexl\OneDrive\Documents\GitHub\Blackjack Project\Blackjack Project\Game.cpp(56,18):
          'initializing': cannot convert from 'House' to 'unsigned char'
              C:\Users\alexl\OneDrive\Documents\GitHub\Blackjack Project\Blackjack Project\Game.cpp(56,18):
              No user-defined-conversion operator available that can perform this conversion, or the operator cannot be called
      C:\Program Files\Microsoft Visual Studio\2022\Community\VC\Tools\MSVC\14.42.34433\include\ostream(1011,9):
      or       '_Ostr &&std::operator <<(_Ostr &&,const _Ty &)'
          C:\Users\alexl\OneDrive\Documents\GitHub\Blackjack Project\Blackjack Project\Game.cpp(56,10):
          '_Ostr &&std::operator <<(_Ostr &&,const _Ty &)': could not deduce template argument for '__formal'
              C:\Program Files\Microsoft Visual Studio\2022\Community\VC\Tools\MSVC\14.42.34433\include\ostream(1010,103):
              '<template-parameter>': you cannot create a pointer to a reference
      C:\Program Files\Microsoft Visual Studio\2022\Community\VC\Tools\MSVC\14.42.34433\include\ostream(1088,32):
      or       'std::basic_ostream<_Elem,_Traits> &std::operator <<(std::basic_ostream<_Elem,_Traits> &,const std::error_code &)'
          C:\Users\alexl\OneDrive\Documents\GitHub\Blackjack Project\Blackjack Project\Game.cpp(56,18):
          'initializing': cannot convert from 'House' to 'const std::error_code &'
              C:\Users\alexl\OneDrive\Documents\GitHub\Blackjack Project\Blackjack Project\Game.cpp(56,18):
              Reason: cannot convert from 'House' to 'const std::error_code'
              C:\Users\alexl\OneDrive\Documents\GitHub\Blackjack Project\Blackjack Project\Game.cpp(56,18):
              No user-defined-conversion operator available that can perform this conversion, or the operator cannot be called
      C:\Users\alexl\OneDrive\Documents\GitHub\Blackjack Project\Blackjack Project\Game.cpp(56,10):
      while trying to match the argument list '(std::ostream, House)'
  
C:\Users\alexl\OneDrive\Documents\GitHub\Blackjack Project\Blackjack Project\Game.cpp(59,10): error C2664: 'void Deck::additionalCards(GenericPlayer &)': cannot convert argument 1 from 'Player' to 'GenericPlayer &'
      C:\Users\alexl\OneDrive\Documents\GitHub\Blackjack Project\Blackjack Project\Deck.h(14,10):
      see declaration of 'Deck::additionalCards'
      C:\Users\alexl\OneDrive\Documents\GitHub\Blackjack Project\Blackjack Project\Game.cpp(59,10):
      while trying to match the argument list '(Player)'
  
C:\Users\alexl\OneDrive\Documents\GitHub\Blackjack Project\Blackjack Project\Game.cpp(62,11): error C2039: 'flipFirstCard': is not a member of 'House'
      C:\Users\alexl\OneDrive\Documents\GitHub\Blackjack Project\Blackjack Project\House.h(4,7):
      see declaration of 'House'
  
C:\Users\alexl\OneDrive\Documents\GitHub\Blackjack Project\Blackjack Project\Game.cpp(63,10): error C2679: binary '<<': no operator found which takes a right-hand operand of type 'House' (or there is no acceptable conversion)
      C:\Program Files\Microsoft Visual Studio\2022\Community\VC\Tools\MSVC\14.42.34433\include\ostream(486,39):
      could be 'std::basic_ostream<char,std::char_traits<char>> &std::basic_ostream<char,std::char_traits<char>>::operator <<(std::basic_streambuf<char,std::char_traits<char>> *)'
          C:\Users\alexl\OneDrive\Documents\GitHub\Blackjack Project\Blackjack Project\Game.cpp(63,10):
          'std::basic_ostream<char,std::char_traits<char>> &std::basic_ostream<char,std::char_traits<char>>::operator <<(std::basic_streambuf<char,std::char_traits<char>> *)': cannot convert argument 2 from 'House' to 'std::basic_streambuf<char,std::char_traits<char>> *'
              C:\Users\alexl\OneDrive\Documents\GitHub\Blackjack Project\Blackjack Project\Game.cpp(63,18):
              No user-defined-conversion operator available that can perform this conversion, or the operator cannot be called
      C:\Program Files\Microsoft Visual Studio\2022\Community\VC\Tools\MSVC\14.42.34433\include\ostream(454,39):
      or       'std::basic_ostream<char,std::char_traits<char>> &std::basic_ostream<char,std::char_traits<char>>::operator <<(const void *)'
          C:\Users\alexl\OneDrive\Documents\GitHub\Blackjack Project\Blackjack Project\Game.cpp(63,10):
          'std::basic_ostream<char,std::char_traits<char>> &std::basic_ostream<char,std::char_traits<char>>::operator <<(const void *)': cannot convert argument 2 from 'House' to 'const void *'
              C:\Users\alexl\OneDrive\Documents\GitHub\Blackjack Project\Blackjack Project\Game.cpp(63,18):
              No user-defined-conversion operator available that can perform this conversion, or the operator cannot be called
      C:\Program Files\Microsoft Visual Studio\2022\Community\VC\Tools\MSVC\14.42.34433\include\ostream(436,39):
      or       'std::basic_ostream<char,std::char_traits<char>> &std::basic_ostream<char,std::char_traits<char>>::operator <<(long double)'
          C:\Users\alexl\OneDrive\Documents\GitHub\Blackjack Project\Blackjack Project\Game.cpp(63,10):
          'std::basic_ostream<char,std::char_traits<char>> &std::basic_ostream<char,std::char_traits<char>>::operator <<(long double)': cannot convert argument 2 from 'House' to 'long double'
              C:\Users\alexl\OneDrive\Documents\GitHub\Blackjack Project\Blackjack Project\Game.cpp(63,18):
              No user-defined-conversion operator available that can perform this conversion, or the operator cannot be called
      C:\Program Files\Microsoft Visual Studio\2022\Community\VC\Tools\MSVC\14.42.34433\include\ostream(418,39):
      or       'std::basic_ostream<char,std::char_traits<char>> &std::basic_ostream<char,std::char_traits<char>>::operator <<(double)'
          C:\Users\alexl\OneDrive\Documents\GitHub\Blackjack Project\Blackjack Project\Game.cpp(63,10):
          'std::basic_ostream<char,std::char_traits<char>> &std::basic_ostream<char,std::char_traits<char>>::operator <<(double)': cannot convert argument 2 from 'House' to 'double'
              C:\Users\alexl\OneDrive\Documents\GitHub\Blackjack Project\Blackjack Project\Game.cpp(63,18):
              No user-defined-conversion operator available that can perform this conversion, or the operator cannot be called
      C:\Program Files\Microsoft Visual Studio\2022\Community\VC\Tools\MSVC\14.42.34433\include\ostream(400,39):
      or       'std::basic_ostream<char,std::char_traits<char>> &std::basic_ostream<char,std::char_traits<char>>::operator <<(float)'
          C:\Users\alexl\OneDrive\Documents\GitHub\Blackjack Project\Blackjack Project\Game.cpp(63,10):
          'std::basic_ostream<char,std::char_traits<char>> &std::basic_ostream<char,std::char_traits<char>>::operator <<(float)': cannot convert argument 2 from 'House' to 'float'
              C:\Users\alexl\OneDrive\Documents\GitHub\Blackjack Project\Blackjack Project\Game.cpp(63,18):
              No user-defined-conversion operator available that can perform this conversion, or the operator cannot be called
      C:\Program Files\Microsoft Visual Studio\2022\Community\VC\Tools\MSVC\14.42.34433\include\ostream(382,39):
      or       'std::basic_ostream<char,std::char_traits<char>> &std::basic_ostream<char,std::char_traits<char>>::operator <<(unsigned __int64)'
          C:\Users\alexl\OneDrive\Documents\GitHub\Blackjack Project\Blackjack Project\Game.cpp(63,10):
          'std::basic_ostream<char,std::char_traits<char>> &std::basic_ostream<char,std::char_traits<char>>::operator <<(unsigned __int64)': cannot convert argument 2 from 'House' to 'unsigned __int64'
              C:\Users\alexl\OneDrive\Documents\GitHub\Blackjack Project\Blackjack Project\Game.cpp(63,18):
              No user-defined-conversion operator available that can perform this conversion, or the operator cannot be called
      C:\Program Files\Microsoft Visual Studio\2022\Community\VC\Tools\MSVC\14.42.34433\include\ostream(364,39):
      or       'std::basic_ostream<char,std::char_traits<char>> &std::basic_ostream<char,std::char_traits<char>>::operator <<(__int64)'
          C:\Users\alexl\OneDrive\Documents\GitHub\Blackjack Project\Blackjack Project\Game.cpp(63,10):
          'std::basic_ostream<char,std::char_traits<char>> &std::basic_ostream<char,std::char_traits<char>>::operator <<(__int64)': cannot convert argument 2 from 'House' to '__int64'
              C:\Users\alexl\OneDrive\Documents\GitHub\Blackjack Project\Blackjack Project\Game.cpp(63,18):
              No user-defined-conversion operator available that can perform this conversion, or the operator cannot be called
      C:\Program Files\Microsoft Visual Studio\2022\Community\VC\Tools\MSVC\14.42.34433\include\ostream(346,39):
      or       'std::basic_ostream<char,std::char_traits<char>> &std::basic_ostream<char,std::char_traits<char>>::operator <<(unsigned long)'
          C:\Users\alexl\OneDrive\Documents\GitHub\Blackjack Project\Blackjack Project\Game.cpp(63,10):
          'std::basic_ostream<char,std::char_traits<char>> &std::basic_ostream<char,std::char_traits<char>>::operator <<(unsigned long)': cannot convert argument 2 from 'House' to 'unsigned long'
              C:\Users\alexl\OneDrive\Documents\GitHub\Blackjack Project\Blackjack Project\Game.cpp(63,18):
              No user-defined-conversion operator available that can perform this conversion, or the operator cannot be called
      C:\Program Files\Microsoft Visual Studio\2022\Community\VC\Tools\MSVC\14.42.34433\include\ostream(328,39):
      or       'std::basic_ostream<char,std::char_traits<char>> &std::basic_ostream<char,std::char_traits<char>>::operator <<(long)'
          C:\Users\alexl\OneDrive\Documents\GitHub\Blackjack Project\Blackjack Project\Game.cpp(63,10):
          'std::basic_ostream<char,std::char_traits<char>> &std::basic_ostream<char,std::char_traits<char>>::operator <<(long)': cannot convert argument 2 from 'House' to 'long'
              C:\Users\alexl\OneDrive\Documents\GitHub\Blackjack Project\Blackjack Project\Game.cpp(63,18):
              No user-defined-conversion operator available that can perform this conversion, or the operator cannot be called
      C:\Program Files\Microsoft Visual Studio\2022\Community\VC\Tools\MSVC\14.42.34433\include\ostream(309,39):
      or       'std::basic_ostream<char,std::char_traits<char>> &std::basic_ostream<char,std::char_traits<char>>::operator <<(unsigned int)'
          C:\Users\alexl\OneDrive\Documents\GitHub\Blackjack Project\Blackjack Project\Game.cpp(63,10):
          'std::basic_ostream<char,std::char_traits<char>> &std::basic_ostream<char,std::char_traits<char>>::operator <<(unsigned int)': cannot convert argument 2 from 'House' to 'unsigned int'
              C:\Users\alexl\OneDrive\Documents\GitHub\Blackjack Project\Blackjack Project\Game.cpp(63,18):
              No user-defined-conversion operator available that can perform this conversion, or the operator cannot be called
      C:\Program Files\Microsoft Visual Studio\2022\Community\VC\Tools\MSVC\14.42.34433\include\ostream(283,39):
      or       'std::basic_ostream<char,std::char_traits<char>> &std::basic_ostream<char,std::char_traits<char>>::operator <<(int)'
          C:\Users\alexl\OneDrive\Documents\GitHub\Blackjack Project\Blackjack Project\Game.cpp(63,10):
          'std::basic_ostream<char,std::char_traits<char>> &std::basic_ostream<char,std::char_traits<char>>::operator <<(int)': cannot convert argument 2 from 'House' to 'int'
              C:\Users\alexl\OneDrive\Documents\GitHub\Blackjack Project\Blackjack Project\Game.cpp(63,18):
              No user-defined-conversion operator available that can perform this conversion, or the operator cannot be called
      C:\Program Files\Microsoft Visual Studio\2022\Community\VC\Tools\MSVC\14.42.34433\include\ostream(264,39):
      or       'std::basic_ostream<char,std::char_traits<char>> &std::basic_ostream<char,std::char_traits<char>>::operator <<(unsigned short)'
          C:\Users\alexl\OneDrive\Documents\GitHub\Blackjack Project\Blackjack Project\Game.cpp(63,10):
          'std::basic_ostream<char,std::char_traits<char>> &std::basic_ostream<char,std::char_traits<char>>::operator <<(unsigned short)': cannot convert argument 2 from 'House' to 'unsigned short'
              C:\Users\alexl\OneDrive\Documents\GitHub\Blackjack Project\Blackjack Project\Game.cpp(63,18):
              No user-defined-conversion operator available that can perform this conversion, or the operator cannot be called
      C:\Program Files\Microsoft Visual Studio\2022\Community\VC\Tools\MSVC\14.42.34433\include\ostream(230,39):
      or       'std::basic_ostream<char,std::char_traits<char>> &std::basic_ostream<char,std::char_traits<char>>::operator <<(short)'
          C:\Users\alexl\OneDrive\Documents\GitHub\Blackjack Project\Blackjack Project\Game.cpp(63,10):
          'std::basic_ostream<char,std::char_traits<char>> &std::basic_ostream<char,std::char_traits<char>>::operator <<(short)': cannot convert argument 2 from 'House' to 'short'
              C:\Users\alexl\OneDrive\Documents\GitHub\Blackjack Project\Blackjack Project\Game.cpp(63,18):
              No user-defined-conversion operator available that can perform this conversion, or the operator cannot be called
      C:\Program Files\Microsoft Visual Studio\2022\Community\VC\Tools\MSVC\14.42.34433\include\ostream(212,39):
      or       'std::basic_ostream<char,std::char_traits<char>> &std::basic_ostream<char,std::char_traits<char>>::operator <<(bool)'
          C:\Users\alexl\OneDrive\Documents\GitHub\Blackjack Project\Blackjack Project\Game.cpp(63,10):
          'std::basic_ostream<char,std::char_traits<char>> &std::basic_ostream<char,std::char_traits<char>>::operator <<(bool)': cannot convert argument 2 from 'House' to 'bool'
              C:\Users\alexl\OneDrive\Documents\GitHub\Blackjack Project\Blackjack Project\Game.cpp(63,18):
              No user-defined-conversion operator available that can perform this conversion, or the operator cannot be called
      C:\Program Files\Microsoft Visual Studio\2022\Community\VC\Tools\MSVC\14.42.34433\include\ostream(206,39):
      or       'std::basic_ostream<char,std::char_traits<char>> &std::basic_ostream<char,std::char_traits<char>>::operator <<(std::ios_base &(__cdecl *)(std::ios_base &))'
          C:\Users\alexl\OneDrive\Documents\GitHub\Blackjack Project\Blackjack Project\Game.cpp(63,10):
          'std::basic_ostream<char,std::char_traits<char>> &std::basic_ostream<char,std::char_traits<char>>::operator <<(std::ios_base &(__cdecl *)(std::ios_base &))': cannot convert argument 2 from 'House' to 'std::ios_base &(__cdecl *)(std::ios_base &)'
              C:\Users\alexl\OneDrive\Documents\GitHub\Blackjack Project\Blackjack Project\Game.cpp(63,18):
              No user-defined-conversion operator available that can perform this conversion, or the operator cannot be called
      C:\Program Files\Microsoft Visual Studio\2022\Community\VC\Tools\MSVC\14.42.34433\include\ostream(200,39):
      or       'std::basic_ostream<char,std::char_traits<char>> &std::basic_ostream<char,std::char_traits<char>>::operator <<(std::basic_ios<char,std::char_traits<char>> &(__cdecl *)(std::basic_ios<char,std::char_traits<char>> &))'
          C:\Users\alexl\OneDrive\Documents\GitHub\Blackjack Project\Blackjack Project\Game.cpp(63,10):
          'std::basic_ostream<char,std::char_traits<char>> &std::basic_ostream<char,std::char_traits<char>>::operator <<(std::basic_ios<char,std::char_traits<char>> &(__cdecl *)(std::basic_ios<char,std::char_traits<char>> &))': cannot convert argument 2 from 'House' to 'std::basic_ios<char,std::char_traits<char>> &(__cdecl *)(std::basic_ios<char,std::char_traits<char>> &)'
              C:\Users\alexl\OneDrive\Documents\GitHub\Blackjack Project\Blackjack Project\Game.cpp(63,18):
              No user-defined-conversion operator available that can perform this conversion, or the operator cannot be called
      C:\Program Files\Microsoft Visual Studio\2022\Community\VC\Tools\MSVC\14.42.34433\include\ostream(195,39):
      or       'std::basic_ostream<char,std::char_traits<char>> &std::basic_ostream<char,std::char_traits<char>>::operator <<(std::basic_ostream<char,std::char_traits<char>> &(__cdecl *)(std::basic_ostream<char,std::char_traits<char>> &))'
          C:\Users\alexl\OneDrive\Documents\GitHub\Blackjack Project\Blackjack Project\Game.cpp(63,10):
          'std::basic_ostream<char,std::char_traits<char>> &std::basic_ostream<char,std::char_traits<char>>::operator <<(std::basic_ostream<char,std::char_traits<char>> &(__cdecl *)(std::basic_ostream<char,std::char_traits<char>> &))': cannot convert argument 2 from 'House' to 'std::basic_ostream<char,std::char_traits<char>> &(__cdecl *)(std::basic_ostream<char,std::char_traits<char>> &)'
              C:\Users\alexl\OneDrive\Documents\GitHub\Blackjack Project\Blackjack Project\Game.cpp(63,18):
              No user-defined-conversion operator available that can perform this conversion, or the operator cannot be called
      C:\Program Files\Microsoft Visual Studio\2022\Community\VC\Tools\MSVC\14.42.34433\include\xstring(3419,32):
      or       'std::basic_ostream<_Elem,_Traits> &std::operator <<(std::basic_ostream<_Elem,_Traits> &,const std::basic_string<_Elem,_Traits,_Alloc> &)'
          C:\Users\alexl\OneDrive\Documents\GitHub\Blackjack Project\Blackjack Project\Game.cpp(63,10):
          'std::basic_ostream<_Elem,_Traits> &std::operator <<(std::basic_ostream<_Elem,_Traits> &,const std::basic_string<_Elem,_Traits,_Alloc> &)': could not deduce template argument for 'const std::basic_string<_Elem,_Traits,_Alloc> &' from 'House'
      C:\Program Files\Microsoft Visual Studio\2022\Community\VC\Tools\MSVC\14.42.34433\include\memory(1979,32):
      or       'std::basic_ostream<_Elem,_Traits> &std::operator <<(std::basic_ostream<_Elem,_Traits> &,const std::shared_ptr<_Ty> &)'
          C:\Users\alexl\OneDrive\Documents\GitHub\Blackjack Project\Blackjack Project\Game.cpp(63,10):
          'std::basic_ostream<_Elem,_Traits> &std::operator <<(std::basic_ostream<_Elem,_Traits> &,const std::shared_ptr<_Ty> &)': could not deduce template argument for 'const std::shared_ptr<_Ty> &' from 'House'
      C:\Program Files\Microsoft Visual Studio\2022\Community\VC\Tools\MSVC\14.42.34433\include\memory(3761,32):
      or       'std::basic_ostream<_Elem,_Traits> &std::operator <<(std::basic_ostream<_Elem,_Traits> &,const std::unique_ptr<_Ty2,_Dx2> &)'
          C:\Users\alexl\OneDrive\Documents\GitHub\Blackjack Project\Blackjack Project\Game.cpp(63,10):
          'std::basic_ostream<_Elem,_Traits> &std::operator <<(std::basic_ostream<_Elem,_Traits> &,const std::unique_ptr<_Ty2,_Dx2> &)': could not deduce template argument for 'const std::unique_ptr<_Ty2,_Dx2> &' from 'House'
      C:\Program Files\Microsoft Visual Studio\2022\Community\VC\Tools\MSVC\14.42.34433\include\ostream(694,32):
      or       'std::basic_ostream<_Elem,_Traits> &std::operator <<(std::basic_ostream<_Elem,_Traits> &,const char *)'
          C:\Users\alexl\OneDrive\Documents\GitHub\Blackjack Project\Blackjack Project\Game.cpp(63,18):
          'initializing': cannot convert from 'House' to 'const char *'
              C:\Users\alexl\OneDrive\Documents\GitHub\Blackjack Project\Blackjack Project\Game.cpp(63,18):
              No user-defined-conversion operator available that can perform this conversion, or the operator cannot be called
      C:\Program Files\Microsoft Visual Studio\2022\Community\VC\Tools\MSVC\14.42.34433\include\ostream(738,32):
      or       'std::basic_ostream<_Elem,_Traits> &std::operator <<(std::basic_ostream<_Elem,_Traits> &,char)'
          C:\Users\alexl\OneDrive\Documents\GitHub\Blackjack Project\Blackjack Project\Game.cpp(63,18):
          'initializing': cannot convert from 'House' to 'char'
              C:\Users\alexl\OneDrive\Documents\GitHub\Blackjack Project\Blackjack Project\Game.cpp(63,18):
              No user-defined-conversion operator available that can perform this conversion, or the operator cannot be called
      C:\Program Files\Microsoft Visual Studio\2022\Community\VC\Tools\MSVC\14.42.34433\include\ostream(774,31):
      or       'std::basic_ostream<char,_Traits> &std::operator <<(std::basic_ostream<char,_Traits> &,const char *)'
          C:\Users\alexl\OneDrive\Documents\GitHub\Blackjack Project\Blackjack Project\Game.cpp(63,18):
          'initializing': cannot convert from 'House' to 'const char *'
              C:\Users\alexl\OneDrive\Documents\GitHub\Blackjack Project\Blackjack Project\Game.cpp(63,18):
              No user-defined-conversion operator available that can perform this conversion, or the operator cannot be called
      C:\Program Files\Microsoft Visual Studio\2022\Community\VC\Tools\MSVC\14.42.34433\include\ostream(819,31):
      or       'std::basic_ostream<char,_Traits> &std::operator <<(std::basic_ostream<char,_Traits> &,char)'
          C:\Users\alexl\OneDrive\Documents\GitHub\Blackjack Project\Blackjack Project\Game.cpp(63,18):
          'initializing': cannot convert from 'House' to 'char'
              C:\Users\alexl\OneDrive\Documents\GitHub\Blackjack Project\Blackjack Project\Game.cpp(63,18):
              No user-defined-conversion operator available that can perform this conversion, or the operator cannot be called
      C:\Program Files\Microsoft Visual Studio\2022\Community\VC\Tools\MSVC\14.42.34433\include\ostream(857,32):
      or       'std::basic_ostream<_Elem,_Traits> &std::operator <<(std::basic_ostream<_Elem,_Traits> &,const _Elem *)'
          C:\Users\alexl\OneDrive\Documents\GitHub\Blackjack Project\Blackjack Project\Game.cpp(63,10):
          'std::basic_ostream<_Elem,_Traits> &std::operator <<(std::basic_ostream<_Elem,_Traits> &,const _Elem *)': could not deduce template argument for 'const _Elem *' from 'House'
      C:\Program Files\Microsoft Visual Studio\2022\Community\VC\Tools\MSVC\14.42.34433\include\ostream(900,32):
      or       'std::basic_ostream<_Elem,_Traits> &std::operator <<(std::basic_ostream<_Elem,_Traits> &,_Elem)'
          C:\Users\alexl\OneDrive\Documents\GitHub\Blackjack Project\Blackjack Project\Game.cpp(63,10):
          'std::basic_ostream<_Elem,_Traits> &std::operator <<(std::basic_ostream<_Elem,_Traits> &,_Elem)': template parameter '_Elem' is ambiguous
              C:\Users\alexl\OneDrive\Documents\GitHub\Blackjack Project\Blackjack Project\Game.cpp(63,10):
              could be 'House'
              C:\Users\alexl\OneDrive\Documents\GitHub\Blackjack Project\Blackjack Project\Game.cpp(63,10):
              or       'char'
          C:\Users\alexl\OneDrive\Documents\GitHub\Blackjack Project\Blackjack Project\Game.cpp(63,10):
          'std::basic_ostream<_Elem,_Traits> &std::operator <<(std::basic_ostream<_Elem,_Traits> &,_Elem)': could not deduce template argument for '_Elem' from 'House'
      C:\Program Files\Microsoft Visual Studio\2022\Community\VC\Tools\MSVC\14.42.34433\include\ostream(936,31):
      or       'std::basic_ostream<char,_Traits> &std::operator <<(std::basic_ostream<char,_Traits> &,const signed char *)'
          C:\Users\alexl\OneDrive\Documents\GitHub\Blackjack Project\Blackjack Project\Game.cpp(63,18):
          'initializing': cannot convert from 'House' to 'const signed char *'
              C:\Users\alexl\OneDrive\Documents\GitHub\Blackjack Project\Blackjack Project\Game.cpp(63,18):
              No user-defined-conversion operator available that can perform this conversion, or the operator cannot be called
      C:\Program Files\Microsoft Visual Studio\2022\Community\VC\Tools\MSVC\14.42.34433\include\ostream(942,31):
      or       'std::basic_ostream<char,_Traits> &std::operator <<(std::basic_ostream<char,_Traits> &,signed char)'
          C:\Users\alexl\OneDrive\Documents\GitHub\Blackjack Project\Blackjack Project\Game.cpp(63,18):
          'initializing': cannot convert from 'House' to 'signed char'
              C:\Users\alexl\OneDrive\Documents\GitHub\Blackjack Project\Blackjack Project\Game.cpp(63,18):
              No user-defined-conversion operator available that can perform this conversion, or the operator cannot be called
      C:\Program Files\Microsoft Visual Studio\2022\Community\VC\Tools\MSVC\14.42.34433\include\ostream(947,31):
      or       'std::basic_ostream<char,_Traits> &std::operator <<(std::basic_ostream<char,_Traits> &,const unsigned char *)'
          C:\Users\alexl\OneDrive\Documents\GitHub\Blackjack Project\Blackjack Project\Game.cpp(63,18):
          'initializing': cannot convert from 'House' to 'const unsigned char *'
              C:\Users\alexl\OneDrive\Documents\GitHub\Blackjack Project\Blackjack Project\Game.cpp(63,18):
              No user-defined-conversion operator available that can perform this conversion, or the operator cannot be called
      C:\Program Files\Microsoft Visual Studio\2022\Community\VC\Tools\MSVC\14.42.34433\include\ostream(953,31):
      or       'std::basic_ostream<char,_Traits> &std::operator <<(std::basic_ostream<char,_Traits> &,unsigned char)'
          C:\Users\alexl\OneDrive\Documents\GitHub\Blackjack Project\Blackjack Project\Game.cpp(63,18):
          'initializing': cannot convert from 'House' to 'unsigned char'
              C:\Users\alexl\OneDrive\Documents\GitHub\Blackjack Project\Blackjack Project\Game.cpp(63,18):
              No user-defined-conversion operator available that can perform this conversion, or the operator cannot be called
      C:\Program Files\Microsoft Visual Studio\2022\Community\VC\Tools\MSVC\14.42.34433\include\ostream(1011,9):
      or       '_Ostr &&std::operator <<(_Ostr &&,const _Ty &)'
          C:\Users\alexl\OneDrive\Documents\GitHub\Blackjack Project\Blackjack Project\Game.cpp(63,10):
          '_Ostr &&std::operator <<(_Ostr &&,const _Ty &)': could not deduce template argument for '__formal'
              C:\Program Files\Microsoft Visual Studio\2022\Community\VC\Tools\MSVC\14.42.34433\include\ostream(1010,103):
              '<template-parameter>': you cannot create a pointer to a reference
      C:\Program Files\Microsoft Visual Studio\2022\Community\VC\Tools\MSVC\14.42.34433\include\ostream(1088,32):
      or       'std::basic_ostream<_Elem,_Traits> &std::operator <<(std::basic_ostream<_Elem,_Traits> &,const std::error_code &)'
          C:\Users\alexl\OneDrive\Documents\GitHub\Blackjack Project\Blackjack Project\Game.cpp(63,18):
          'initializing': cannot convert from 'House' to 'const std::error_code &'
              C:\Users\alexl\OneDrive\Documents\GitHub\Blackjack Project\Blackjack Project\Game.cpp(63,18):
              Reason: cannot convert from 'House' to 'const std::error_code'
              C:\Users\alexl\OneDrive\Documents\GitHub\Blackjack Project\Blackjack Project\Game.cpp(63,18):
              No user-defined-conversion operator available that can perform this conversion, or the operator cannot be called
      C:\Users\alexl\OneDrive\Documents\GitHub\Blackjack Project\Blackjack Project\Game.cpp(63,10):
      while trying to match the argument list '(std::ostream, House)'
  
C:\Users\alexl\OneDrive\Documents\GitHub\Blackjack Project\Blackjack Project\Game.cpp(66,10): error C2664: 'void Deck::additionalCards(GenericPlayer &)': cannot convert argument 1 from 'House' to 'GenericPlayer &'
      C:\Users\alexl\OneDrive\Documents\GitHub\Blackjack Project\Blackjack Project\Deck.h(14,10):
      see declaration of 'Deck::additionalCards'
      C:\Users\alexl\OneDrive\Documents\GitHub\Blackjack Project\Blackjack Project\Game.cpp(66,10):
      while trying to match the argument list '(House)'
  
C:\Users\alexl\OneDrive\Documents\GitHub\Blackjack Project\Blackjack Project\Game.cpp(69,15): error C2039: 'isBusted': is not a member of 'House'
      C:\Users\alexl\OneDrive\Documents\GitHub\Blackjack Project\Blackjack Project\House.h(4,7):
      see declaration of 'House'
  
C:\Users\alexl\OneDrive\Documents\GitHub\Blackjack Project\Blackjack Project\Game.cpp(71,21): error C2039: 'isBusted': is not a member of 'Player'
      C:\Users\alexl\OneDrive\Documents\GitHub\Blackjack Project\Blackjack Project\Player.h(5,7):
      see declaration of 'Player'
  
C:\Users\alexl\OneDrive\Documents\GitHub\Blackjack Project\Blackjack Project\Game.cpp(79,21): error C2039: 'isBusted': is not a member of 'Player'
      C:\Users\alexl\OneDrive\Documents\GitHub\Blackjack Project\Blackjack Project\Player.h(5,7):
      see declaration of 'Player'
  
C:\Users\alexl\OneDrive\Documents\GitHub\Blackjack Project\Blackjack Project\Game.cpp(81,24): error C2039: 'getTotal': is not a member of 'Player'
      C:\Users\alexl\OneDrive\Documents\GitHub\Blackjack Project\Blackjack Project\Player.h(5,7):
      see declaration of 'Player'
  
C:\Users\alexl\OneDrive\Documents\GitHub\Blackjack Project\Blackjack Project\Game.cpp(81,43): error C2039: 'getTotal': is not a member of 'House'
      C:\Users\alexl\OneDrive\Documents\GitHub\Blackjack Project\Blackjack Project\House.h(4,7):
      see declaration of 'House'
  
C:\Users\alexl\OneDrive\Documents\GitHub\Blackjack Project\Blackjack Project\Game.cpp(85,29): error C2039: 'getTotal': is not a member of 'Player'
      C:\Users\alexl\OneDrive\Documents\GitHub\Blackjack Project\Blackjack Project\Player.h(5,7):
      see declaration of 'Player'
  
C:\Users\alexl\OneDrive\Documents\GitHub\Blackjack Project\Blackjack Project\Game.cpp(85,48): error C2039: 'getTotal': is not a member of 'House'
      C:\Users\alexl\OneDrive\Documents\GitHub\Blackjack Project\Blackjack Project\House.h(4,7):
      see declaration of 'House'
  
C:\Users\alexl\OneDrive\Documents\GitHub\Blackjack Project\Blackjack Project\Game.cpp(97,12): error C2039: 'clearHand': is not a member of 'Player'
      C:\Users\alexl\OneDrive\Documents\GitHub\Blackjack Project\Blackjack Project\Player.h(5,7):
      see declaration of 'Player'
  
C:\Users\alexl\OneDrive\Documents\GitHub\Blackjack Project\Blackjack Project\Game.cpp(98,11): error C2039: 'clearHand': is not a member of 'House'
      C:\Users\alexl\OneDrive\Documents\GitHub\Blackjack Project\Blackjack Project\House.h(4,7):
      see declaration of 'House'
  
  GenericPlayer.cpp
  Hand.cpp
C:\Users\alexl\OneDrive\Documents\GitHub\Blackjack Project\Blackjack Project\Hand.cpp(16,7): error C2084: function 'Hand::Hand(void)' already has a body
      C:\Users\alexl\OneDrive\Documents\GitHub\Blackjack Project\Blackjack Project\Hand.cpp(8,7):
      see previous definition of 'Hand::Hand'
  
  House.cpp
  main.cpp
C:\Users\alexl\OneDrive\Documents\GitHub\Blackjack Project\Blackjack Project\Card.h(3,7): error C2011: 'Card': 'class' type redefinition
  (compiling source file 'main.cpp')
      C:\Users\alexl\OneDrive\Documents\GitHub\Blackjack Project\Blackjack Project\Card.h(3,7):
      see declaration of 'Card'
  
C:\Users\alexl\OneDrive\Documents\GitHub\Blackjack Project\Blackjack Project\Hand.h(5,7): error C2011: 'Hand': 'class' type redefinition
  (compiling source file 'main.cpp')
      C:\Users\alexl\OneDrive\Documents\GitHub\Blackjack Project\Blackjack Project\Hand.h(5,7):
      see declaration of 'Hand'
  
C:\Users\alexl\OneDrive\Documents\GitHub\Blackjack Project\Blackjack Project\Deck.h(5,21): error C2504: 'Hand': base class undefined
  (compiling source file 'main.cpp')
  
C:\Users\alexl\OneDrive\Documents\GitHub\Blackjack Project\Blackjack Project\GenericPlayer.h(5,7): error C2011: 'GenericPlayer': 'class' type redefinition
  (compiling source file 'main.cpp')
      C:\Users\alexl\OneDrive\Documents\GitHub\Blackjack Project\Blackjack Project\GenericPlayer.h(5,7):
      see declaration of 'GenericPlayer'
  
C:\Users\alexl\OneDrive\Documents\GitHub\Blackjack Project\Blackjack Project\House.h(4,22): error C2504: 'GenericPlayer': base class undefined
  (compiling source file 'main.cpp')
  
C:\Users\alexl\OneDrive\Documents\GitHub\Blackjack Project\Blackjack Project\Player.h(5,23): error C2504: 'GenericPlayer': base class undefined
  (compiling source file 'main.cpp')
  
  Player.cpp
  Generating Code...
C:\Users\alexl\OneDrive\Documents\GitHub\Blackjack Project\Blackjack Project\GenericPlayer.cpp(34,1): error C4716: 'GenericPlayer::bust': must return a value
